[INFO]: Started logging...
October 2nd 2026, 19:39:05 [[32mINFO[39m]: World seed: 8281814
October 2nd 2026, 19:39:11 [[32mINFO[39m]: fly0 (127.0.0.1) connected
October 2nd 2026, 19:39:11 [[32mINFO[39m]: Position written, spawning player...
October 2nd 2026, 19:39:12 [[32mINFO[39m]: fly0 issued command: /setblock
October 2nd 2026, 19:39:12 [[32mINFO[39m]: fly0 issued command: /setblock
October 2nd 2026, 19:39:12 [[32mINFO[39m]: fly0 issued command: /setblock
October 2nd 2026, 19:39:12 [[32mINFO[39m]: fly0 issued command: /setblock
October 2nd 2026, 19:39:12 [[32mINFO[39m]: fly0 issued command: /setblock
October 2nd 2026, 19:39:12 [[32mINFO[39m]: fly0 issued command: /setblock
October 2nd 2026, 19:39:12 [[32mINFO[39m]: fly0 issued command: /setblock
October 2nd 2026, 19:39:12 [[32mINFO[39m]: fly0 issued command: /setblock
October 2nd 2026, 19:39:12 [[32mINFO[39m]: fly0 issued command: /setblock
October 2nd 2026, 19:39:12 [[32mINFO[39m]: fly0 issued command: /setblock
October 2nd 2026, 19:39:12 [[32mINFO[39m]: fly0 issued command: /setblock
October 2nd 2026, 19:39:12 [[32mINFO[39m]: fly0 issued command: /setblock
October 2nd 2026, 19:39:12 [[32mINFO[39m]: fly0 issued command: /setblock
October 2nd 2026, 19:39:12 [[32mINFO[39m]: fly0 issued command: /setblock
October 2nd 2026, 19:39:12 [[32mINFO[39m]: fly0 issued command: /setblock
October 2nd 2026, 19:39:12 [[32mINFO[39m]: fly0 issued command: /setblock
October 2nd 2026, 19:39:12 [[32mINFO[39m]: fly0 issued command: /setblock
October 2nd 2026, 19:39:12 [[32mINFO[39m]: fly0 issued command: /setblock
October 2nd 2026, 19:39:12 [[32mINFO[39m]: fly0 issued command: /setblock
October 2nd 2026, 19:39:12 [[32mINFO[39m]: fly0 issued command: /setblock
October 2nd 2026, 19:39:12 [[32mINFO[39m]: fly0 issued command: /setblock
October 2nd 2026, 19:39:12 [[32mINFO[39m]: fly0 issued command: /setblock
October 2nd 2026, 19:39:12 [[32mINFO[39m]: fly0 issued command: /setblock
October 2nd 2026, 19:39:12 [[32mINFO[39m]: fly0 issued command: /setblock
October 2nd 2026, 19:39:12 [[32mINFO[39m]: fly0 issued command: /setblock
October 2nd 2026, 19:39:12 [[32mINFO[39m]: fly0 issued command: /setblock
October 2nd 2026, 19:39:12 [[32mINFO[39m]: fly0 issued command: /setblock
October 2nd 2026, 19:39:12 [[32mINFO[39m]: fly0 issued command: /setblock
October 2nd 2026, 19:39:12 [[32mINFO[39m]: fly0 issued command: /setblock
October 2nd 2026, 19:39:12 [[32mINFO[39m]: fly0 issued command: /setblock
October 2nd 2026, 19:39:12 [[32mINFO[39m]: fly0 issued command: /setblock
October 2nd 2026, 19:39:12 [[32mINFO[39m]: fly0 issued command: /setblock
October 2nd 2026, 19:39:12 [[32mINFO[39m]: fly0 issued command: /setblock
October 2nd 2026, 19:39:12 [[32mINFO[39m]: fly0 issued command: /setblock
October 2nd 2026, 19:39:12 [[32mINFO[39m]: fly0 issued command: /setblock
October 2nd 2026, 19:39:12 [[32mINFO[39m]: fly0 issued command: /setblock
October 2nd 2026, 19:39:12 [[32mINFO[39m]: fly0 issued command: /setblock
October 2nd 2026, 19:39:12 [[32mINFO[39m]: fly0 issued command: /setblock
October 2nd 2026, 19:39:13 [[32mINFO[39m]: fly0 issued command: /setblock
October 2nd 2026, 19:39:13 [[32mINFO[39m]: fly0 issued command: /setblock
October 2nd 2026, 19:39:13 [[32mINFO[39m]: fly0 issued command: /setblock
October 2nd 2026, 19:39:13 [[32mINFO[39m]: fly0 issued command: /setblock
October 2nd 2026, 19:39:13 [[32mINFO[39m]: fly0 issued command: /setblock
October 2nd 2026, 19:39:13 [[32mINFO[39m]: fly0 issued command: /setblock
October 2nd 2026, 19:39:13 [[32mINFO[39m]: fly0 issued command: /setblock
October 2nd 2026, 19:39:13 [[32mINFO[39m]: fly0 issued command: /setblock
October 2nd 2026, 19:39:13 [[32mINFO[39m]: fly0 issued command: /setblock
October 2nd 2026, 19:39:13 [[32mINFO[39m]: fly0 issued command: /setblock
October 2nd 2026, 19:39:13 [[32mINFO[39m]: fly0 issued command: /setblock
October 2nd 2026, 19:39:13 [[32mINFO[39m]: fly0 issued command: /setblock
October 2nd 2026, 19:39:13 [[32mINFO[39m]: fly0 issued command: /setblock
October 2nd 2026, 19:39:13 [[32mINFO[39m]: fly0 issued command: /setblock
October 2nd 2026, 19:39:13 [[32mINFO[39m]: fly0 issued command: /setblock
October 2nd 2026, 19:39:13 [[32mINFO[39m]: fly0 issued command: /setblock
October 2nd 2026, 19:39:13 [[32mINFO[39m]: fly0 issued command: /setblock
October 2nd 2026, 19:39:13 [[32mINFO[39m]: fly0 issued command: /setblock
