[INFO]: Started logging...
October 2nd 2026, 19:39:36 [[32mINFO[39m]: World seed: 8281814
October 2nd 2026, 19:39:43 [[32mINFO[39m]: fly0 (127.0.0.1) connected
October 2nd 2026, 19:39:43 [[32mINFO[39m]: Position written, spawning player...
October 2nd 2026, 19:39:43 [[32mINFO[39m]: fly0 issued command: /setblock
October 2nd 2026, 19:39:43 [[32mINFO[39m]: fly0 issued command: /setblock
October 2nd 2026, 19:39:43 [[32mINFO[39m]: fly0 issued command: /setblock
October 2nd 2026, 19:39:43 [[32mINFO[39m]: fly0 issued command: /setblock
October 2nd 2026, 19:39:43 [[32mINFO[39m]: fly0 issued command: /setblock
October 2nd 2026, 19:39:43 [[32mINFO[39m]: fly0 issued command: /setblock
October 2nd 2026, 19:39:43 [[32mINFO[39m]: fly0 issued command: /setblock
October 2nd 2026, 19:39:43 [[32mINFO[39m]: fly0 issued command: /setblock
October 2nd 2026, 19:39:43 [[32mINFO[39m]: fly0 issued command: /setblock
October 2nd 2026, 19:39:43 [[32mINFO[39m]: fly0 issued command: /setblock
October 2nd 2026, 19:39:43 [[32mINFO[39m]: fly0 issued command: /setblock
October 2nd 2026, 19:39:43 [[32mINFO[39m]: fly0 issued command: /setblock
October 2nd 2026, 19:39:43 [[32mINFO[39m]: fly0 issued command: /setblock
October 2nd 2026, 19:39:43 [[32mINFO[39m]: fly0 issued command: /setblock
October 2nd 2026, 19:39:43 [[32mINFO[39m]: fly0 issued command: /setblock
October 2nd 2026, 19:39:43 [[32mINFO[39m]: fly0 issued command: /setblock
October 2nd 2026, 19:39:43 [[32mINFO[39m]: fly0 issued command: /setblock
October 2nd 2026, 19:39:44 [[32mINFO[39m]: fly0 issued command: /setblock
October 2nd 2026, 19:39:44 [[32mINFO[39m]: fly0 issued command: /setblock
October 2nd 2026, 19:39:44 [[32mINFO[39m]: fly0 issued command: /setblock
October 2nd 2026, 19:39:44 [[32mINFO[39m]: fly0 issued command: /setblock
October 2nd 2026, 19:39:44 [[32mINFO[39m]: fly0 issued command: /setblock
October 2nd 2026, 19:39:44 [[32mINFO[39m]: fly0 issued command: /setblock
October 2nd 2026, 19:39:44 [[32mINFO[39m]: fly0 issued command: /setblock
October 2nd 2026, 19:39:44 [[32mINFO[39m]: fly0 issued command: /setblock
October 2nd 2026, 19:39:44 [[32mINFO[39m]: fly0 issued command: /setblock
October 2nd 2026, 19:39:44 [[32mINFO[39m]: fly0 issued command: /setblock
October 2nd 2026, 19:39:44 [[32mINFO[39m]: fly0 issued command: /setblock
October 2nd 2026, 19:39:44 [[32mINFO[39m]: fly0 issued command: /setblock
October 2nd 2026, 19:39:44 [[32mINFO[39m]: fly0 issued command: /setblock
October 2nd 2026, 19:39:44 [[32mINFO[39m]: fly0 issued command: /setblock
October 2nd 2026, 19:39:44 [[32mINFO[39m]: fly0 issued command: /setblock
October 2nd 2026, 19:39:44 [[32mINFO[39m]: fly0 issued command: /setblock
October 2nd 2026, 19:39:44 [[32mINFO[39m]: fly0 issued command: /setblock
October 2nd 2026, 19:39:44 [[32mINFO[39m]: fly0 issued command: /setblock
October 2nd 2026, 19:39:44 [[32mINFO[39m]: fly0 issued command: /setblock
October 2nd 2026, 19:39:44 [[32mINFO[39m]: fly0 issued command: /setblock
October 2nd 2026, 19:39:44 [[32mINFO[39m]: fly0 issued command: /setblock
October 2nd 2026, 19:39:44 [[32mINFO[39m]: fly0 issued command: /setblock
October 2nd 2026, 19:39:44 [[32mINFO[39m]: fly0 issued command: /setblock
October 2nd 2026, 19:39:44 [[32mINFO[39m]: fly0 issued command: /setblock
October 2nd 2026, 19:39:44 [[32mINFO[39m]: fly0 issued command: /setblock
October 2nd 2026, 19:39:44 [[32mINFO[39m]: fly0 issued command: /setblock
October 2nd 2026, 19:39:44 [[32mINFO[39m]: fly0 issued command: /setblock
October 2nd 2026, 19:39:44 [[32mINFO[39m]: fly0 issued command: /setblock
October 2nd 2026, 19:39:44 [[32mINFO[39m]: fly0 issued command: /setblock
October 2nd 2026, 19:39:44 [[32mINFO[39m]: fly0 issued command: /setblock
October 2nd 2026, 19:39:44 [[32mINFO[39m]: fly0 issued command: /setblock
October 2nd 2026, 19:39:44 [[32mINFO[39m]: fly0 issued command: /setblock
October 2nd 2026, 19:39:44 [[32mINFO[39m]: fly0 issued command: /setblock
October 2nd 2026, 19:39:44 [[32mINFO[39m]: fly0 issued command: /setblock
October 2nd 2026, 19:39:44 [[32mINFO[39m]: fly0 issued command: /setblock
October 2nd 2026, 19:39:44 [[32mINFO[39m]: fly0 issued command: /setblock
October 2nd 2026, 19:39:44 [[32mINFO[39m]: fly0 issued command: /setblock
October 2nd 2026, 19:39:44 [[32mINFO[39m]: fly0 issued command: /setblock
October 2nd 2026, 19:39:44 [[32mINFO[39m]: fly0 issued command: /setblock
